0 verbose cli C:\Program Files\nodejs\node.exe C:\Users\DELL\AppData\Roaming\npm\node_modules\npm\bin\npm-cli.js
1 info using npm@10.2.1
2 info using node@v22.17.0
3 timing npm:load:whichnode Completed in 2ms
4 timing config:load:defaults Completed in 2ms
5 timing config:load:file:C:\Users\DELL\AppData\Roaming\npm\node_modules\npm\npmrc Completed in 9ms
6 timing config:load:builtin Completed in 10ms
7 timing config:load:cli Completed in 2ms
8 timing config:load:env Completed in 0ms
9 timing config:load:file:C:\Users\DELL\OneDrive\Documents\Desktop\Prismconnex CRM\.npmrc Completed in 0ms
10 timing config:load:project Completed in 1ms
11 timing config:load:file:C:\Users\DELL\.npmrc Completed in 1ms
12 timing config:load:user Completed in 1ms
13 timing config:load:file:C:\Users\DELL\AppData\Roaming\npm\etc\npmrc Completed in 0ms
14 timing config:load:global Completed in 0ms
15 timing config:load:setEnvs Completed in 1ms
16 timing config:load Completed in 18ms
17 timing npm:load:configload Completed in 18ms
18 timing config:load:flatten Completed in 2ms
19 timing npm:load:mkdirpcache Completed in 1ms
20 timing npm:load:mkdirplogs Completed in 1ms
21 verbose title npm exec create-next-app@14.2.5 . --typescript --tailwind --eslint --app --use-npm --no-src-dir --import-alias @/*
22 verbose argv "exec" "--" "create-next-app@14.2.5" "." "--typescript" "--tailwind" "--eslint" "--app" "--use-npm" "--no-src-dir" "--import-alias" "@/*"
23 timing npm:load:setTitle Completed in 1ms
24 timing npm:load:display Completed in 0ms
25 verbose logfile logs-max:10 dir:C:\Users\DELL\OneDrive\Documents\Desktop\Prismconnex CRM\.npm-cache\_logs\2026-02-18T12_50_07_593Z-
26 verbose logfile C:\Users\DELL\OneDrive\Documents\Desktop\Prismconnex CRM\.npm-cache\_logs\2026-02-18T12_50_07_593Z-debug-0.log
27 timing npm:load:logFile Completed in 12ms
28 timing npm:load:timers Completed in 0ms
29 timing npm:load:configScope Completed in 0ms
30 timing npm:load Completed in 45ms
31 silly logfile done cleaning log files
32 timing arborist:ctor Completed in 1ms
33 http fetch GET 200 https://registry.npmjs.org/npm 546ms (cache miss)
34 http fetch GET 200 https://registry.npmjs.org/create-next-app 1536ms (cache miss)
35 timing command:exec Completed in 1612ms
36 verbose type system
37 verbose stack FetchError: Invalid response body while trying to fetch https://registry.npmjs.org/create-next-app: EPERM: operation not permitted, unlink 'C:\Users\DELL\OneDrive\Documents\Desktop\Prismconnex CRM\.npm-cache\_cacache\tmp\edc87665'
37 verbose stack     at C:\Users\DELL\AppData\Roaming\npm\node_modules\npm\node_modules\minipass-fetch\lib\body.js:170:15
37 verbose stack     at async Response.json (C:\Users\DELL\AppData\Roaming\npm\node_modules\npm\node_modules\minipass-fetch\lib\body.js:75:17)
37 verbose stack     at async RegistryFetcher.packument (C:\Users\DELL\AppData\Roaming\npm\node_modules\npm\node_modules\pacote\lib\registry.js:94:25)
37 verbose stack     at async RegistryFetcher.manifest (C:\Users\DELL\AppData\Roaming\npm\node_modules\npm\node_modules\pacote\lib\registry.js:118:23)
37 verbose stack     at async getManifest (C:\Users\DELL\AppData\Roaming\npm\node_modules\npm\node_modules\libnpmexec\lib\index.js:30:22)
37 verbose stack     at async missingFromTree (C:\Users\DELL\AppData\Roaming\npm\node_modules\npm\node_modules\libnpmexec\lib\index.js:59:22)
37 verbose stack     at async C:\Users\DELL\AppData\Roaming\npm\node_modules\npm\node_modules\libnpmexec\lib\index.js:168:32
37 verbose stack     at async Promise.all (index 0)
37 verbose stack     at async exec (C:\Users\DELL\AppData\Roaming\npm\node_modules\npm\node_modules\libnpmexec\lib\index.js:166:3)
37 verbose stack     at async module.exports (C:\Users\DELL\AppData\Roaming\npm\node_modules\npm\lib\cli-entry.js:61:5)
38 verbose cwd C:\Users\DELL\OneDrive\Documents\Desktop\Prismconnex CRM
39 verbose Windows_NT 10.0.26200
40 verbose node v22.17.0
41 verbose npm  v10.2.1
42 error code EPERM
43 error syscall unlink
44 error path C:\Users\DELL\OneDrive\Documents\Desktop\Prismconnex CRM\.npm-cache\_cacache\tmp\edc87665
45 error errno EPERM
46 error FetchError: Invalid response body while trying to fetch https://registry.npmjs.org/create-next-app: EPERM: operation not permitted, unlink 'C:\Users\DELL\OneDrive\Documents\Desktop\Prismconnex CRM\.npm-cache\_cacache\tmp\edc87665'
46 error     at C:\Users\DELL\AppData\Roaming\npm\node_modules\npm\node_modules\minipass-fetch\lib\body.js:170:15
46 error     at async Response.json (C:\Users\DELL\AppData\Roaming\npm\node_modules\npm\node_modules\minipass-fetch\lib\body.js:75:17)
46 error     at async RegistryFetcher.packument (C:\Users\DELL\AppData\Roaming\npm\node_modules\npm\node_modules\pacote\lib\registry.js:94:25)
46 error     at async RegistryFetcher.manifest (C:\Users\DELL\AppData\Roaming\npm\node_modules\npm\node_modules\pacote\lib\registry.js:118:23)
46 error     at async getManifest (C:\Users\DELL\AppData\Roaming\npm\node_modules\npm\node_modules\libnpmexec\lib\index.js:30:22)
46 error     at async missingFromTree (C:\Users\DELL\AppData\Roaming\npm\node_modules\npm\node_modules\libnpmexec\lib\index.js:59:22)
46 error     at async C:\Users\DELL\AppData\Roaming\npm\node_modules\npm\node_modules\libnpmexec\lib\index.js:168:32
46 error     at async Promise.all (index 0)
46 error     at async exec (C:\Users\DELL\AppData\Roaming\npm\node_modules\npm\node_modules\libnpmexec\lib\index.js:166:3)
46 error     at async module.exports (C:\Users\DELL\AppData\Roaming\npm\node_modules\npm\lib\cli-entry.js:61:5) {
46 error   code: 'EPERM',
46 error   errno: 'EPERM',
46 error   syscall: 'unlink',
46 error   path: 'C:\\Users\\DELL\\OneDrive\\Documents\\Desktop\\Prismconnex CRM\\.npm-cache\\_cacache\\tmp\\edc87665',
46 error   type: 'system'
46 error }
47 error
47 error The operation was rejected by your operating system.
47 error It's possible that the file was already in use (by a text editor or antivirus),
47 error or that you lack permissions to access it.
47 error
47 error If you believe this might be a permissions issue, please double-check the
47 error permissions of the file and its containing directories, or try running
47 error the command again as root/Administrator.
48 verbose exit 1
49 timing npm Completed in 2015ms
50 verbose code 1
51 error A complete log of this run can be found in: C:\Users\DELL\OneDrive\Documents\Desktop\Prismconnex CRM\.npm-cache\_logs\2026-02-18T12_50_07_593Z-debug-0.log
