0 verbose cli C:\Program Files\nodejs\node.exe C:\Users\DELL\AppData\Roaming\npm\node_modules\npm\bin\npm-cli.js
1 info using npm@10.2.1
2 info using node@v22.17.0
3 timing npm:load:whichnode Completed in 2ms
4 timing config:load:defaults Completed in 2ms
5 timing config:load:file:C:\Users\DELL\AppData\Roaming\npm\node_modules\npm\npmrc Completed in 8ms
6 timing config:load:builtin Completed in 8ms
7 timing config:load:cli Completed in 1ms
8 timing config:load:env Completed in 1ms
9 timing config:load:file:C:\Users\DELL\OneDrive\Documents\Desktop\Prismconnex CRM\.npmrc Completed in 1ms
10 timing config:load:project Completed in 3ms
11 timing config:load:file:C:\Users\DELL\.npmrc Completed in 0ms
12 timing config:load:user Completed in 0ms
13 timing config:load:file:C:\Users\DELL\AppData\Roaming\npm\etc\npmrc Completed in 0ms
14 timing config:load:global Completed in 0ms
15 timing config:load:setEnvs Completed in 1ms
16 timing config:load Completed in 16ms
17 timing npm:load:configload Completed in 16ms
18 timing config:load:flatten Completed in 1ms
19 timing npm:load:mkdirpcache Completed in 1ms
20 timing npm:load:mkdirplogs Completed in 0ms
21 verbose title npm view create-next-app version
22 verbose argv "view" "create-next-app" "version"
23 timing npm:load:setTitle Completed in 1ms
24 timing npm:load:display Completed in 1ms
25 verbose logfile logs-max:10 dir:C:\Users\DELL\OneDrive\Documents\Desktop\Prismconnex CRM\.npm-cache\_logs\2026-02-18T12_50_26_533Z-
26 verbose logfile C:\Users\DELL\OneDrive\Documents\Desktop\Prismconnex CRM\.npm-cache\_logs\2026-02-18T12_50_26_533Z-debug-0.log
27 timing npm:load:logFile Completed in 10ms
28 timing npm:load:timers Completed in 0ms
29 timing npm:load:configScope Completed in 0ms
30 timing npm:load Completed in 44ms
31 silly logfile done cleaning log files
32 http fetch GET 200 https://registry.npmjs.org/create-next-app 1834ms (cache miss)
33 timing command:view Completed in 1839ms
34 verbose type system
35 verbose stack FetchError: Invalid response body while trying to fetch https://registry.npmjs.org/create-next-app: EPERM: operation not permitted, unlink 'C:\Users\DELL\OneDrive\Documents\Desktop\Prismconnex CRM\.npm-cache\_cacache\tmp\fb503d84'
35 verbose stack     at C:\Users\DELL\AppData\Roaming\npm\node_modules\npm\node_modules\minipass-fetch\lib\body.js:170:15
35 verbose stack     at async Response.json (C:\Users\DELL\AppData\Roaming\npm\node_modules\npm\node_modules\minipass-fetch\lib\body.js:75:17)
35 verbose stack     at async RegistryFetcher.packument (C:\Users\DELL\AppData\Roaming\npm\node_modules\npm\node_modules\pacote\lib\registry.js:94:25)
35 verbose stack     at async View.getData (C:\Users\DELL\AppData\Roaming\npm\node_modules\npm\lib\commands\view.js:197:20)
35 verbose stack     at async View.exec (C:\Users\DELL\AppData\Roaming\npm\node_modules\npm\lib\commands\view.js:105:28)
35 verbose stack     at async module.exports (C:\Users\DELL\AppData\Roaming\npm\node_modules\npm\lib\cli-entry.js:61:5)
36 verbose cwd C:\Users\DELL\OneDrive\Documents\Desktop\Prismconnex CRM
37 verbose Windows_NT 10.0.26200
38 verbose node v22.17.0
39 verbose npm  v10.2.1
40 error code EPERM
41 error syscall unlink
42 error path C:\Users\DELL\OneDrive\Documents\Desktop\Prismconnex CRM\.npm-cache\_cacache\tmp\fb503d84
43 error errno EPERM
44 error FetchError: Invalid response body while trying to fetch https://registry.npmjs.org/create-next-app: EPERM: operation not permitted, unlink 'C:\Users\DELL\OneDrive\Documents\Desktop\Prismconnex CRM\.npm-cache\_cacache\tmp\fb503d84'
44 error     at C:\Users\DELL\AppData\Roaming\npm\node_modules\npm\node_modules\minipass-fetch\lib\body.js:170:15
44 error     at async Response.json (C:\Users\DELL\AppData\Roaming\npm\node_modules\npm\node_modules\minipass-fetch\lib\body.js:75:17)
44 error     at async RegistryFetcher.packument (C:\Users\DELL\AppData\Roaming\npm\node_modules\npm\node_modules\pacote\lib\registry.js:94:25)
44 error     at async View.getData (C:\Users\DELL\AppData\Roaming\npm\node_modules\npm\lib\commands\view.js:197:20)
44 error     at async View.exec (C:\Users\DELL\AppData\Roaming\npm\node_modules\npm\lib\commands\view.js:105:28)
44 error     at async module.exports (C:\Users\DELL\AppData\Roaming\npm\node_modules\npm\lib\cli-entry.js:61:5) {
44 error   code: 'EPERM',
44 error   errno: 'EPERM',
44 error   syscall: 'unlink',
44 error   path: 'C:\\Users\\DELL\\OneDrive\\Documents\\Desktop\\Prismconnex CRM\\.npm-cache\\_cacache\\tmp\\fb503d84',
44 error   type: 'system'
44 error }
45 error
45 error The operation was rejected by your operating system.
45 error It's possible that the file was already in use (by a text editor or antivirus),
45 error or that you lack permissions to access it.
45 error
45 error If you believe this might be a permissions issue, please double-check the
45 error permissions of the file and its containing directories, or try running
45 error the command again as root/Administrator.
46 verbose exit 1
47 timing npm Completed in 2126ms
48 verbose code 1
49 error A complete log of this run can be found in: C:\Users\DELL\OneDrive\Documents\Desktop\Prismconnex CRM\.npm-cache\_logs\2026-02-18T12_50_26_533Z-debug-0.log
